Report time       : Sun Apr 11 18:23:50 IST 2021.
Solution          : area.
Simulation tool   : xsim.

+----------+----------+-----------------------------------------------+-----------------------------------------------+
|          |          |                    Latency                    |                    Interval                   |
+   RTL    +  Status  +-----------------------------------------------+-----------------------------------------------+
|          |          |      min      |      avg      |      max      |      min      |      avg      |      max      |
+----------+----------+-----------------------------------------------+-----------------------------------------------+
|      VHDL|        NA|             NA|             NA|             NA|             NA|             NA|             NA|
|   Verilog|      Pass|       54444004|       54444004|       54444004|             NA|             NA|             NA|
+----------+----------+-----------------------------------------------+-----------------------------------------------+
