

================================================================
== Vivado HLS Report for 'DigitRec'
================================================================
* Date:           Sat Apr 10 17:38:24 2021

* Version:        2019.1 (Build 2552052 on Fri May 24 15:28:33 MDT 2019)
* Project:        digit_t1
* Solution:       base
* Product family: kintexuplus
* Target device:  xcku5p-ffvb676-2-e


================================================================
== Performance Estimates
================================================================
+ Timing (ns): 
    * Summary: 
    +--------+-------+----------+------------+
    |  Clock | Target| Estimated| Uncertainty|
    +--------+-------+----------+------------+
    |ap_clk  |  10.00|     6.474|        1.25|
    +--------+-------+----------+------------+

+ Latency (clock cycles): 
    * Summary: 
    +-------+------------+-------+------------+---------+
    |       Latency      |      Interval      | Pipeline|
    |  min  |     max    |  min  |     max    |   Type  |
    +-------+------------+-------+------------+---------+
    |  36004|  9584046004|  36004|  9584046004|   none  |
    +-------+------------+-------+------------+---------+

    + Detail: 
        * Instance: 
        +---------------------+----------+-----+-----+-----+-----+---------+
        |                     |          |  Latency  |  Interval | Pipeline|
        |       Instance      |  Module  | min | max | min | max |   Type  |
        +---------------------+----------+-----+-----+-----+-----+---------+
        |grp_knn_vote_fu_437  |knn_vote  |  364|  364|  364|  364|   none  |
        +---------------------+----------+-----+-----+-----+-----+---------+

        * Loop: 
        +----------------------+-------+------------+----------------+-----------+-----------+----------+----------+
        |                      |       Latency      |    Iteration   |  Initiation Interval  |   Trip   |          |
        |       Loop Name      |  min  |     max    |     Latency    |  achieved |   target  |   Count  | Pipelined|
        +----------------------+-------+------------+----------------+-----------+-----------+----------+----------+
        |- Loop 1              |  36000|       36000|               2|          -|          -|     18000|    no    |
        |- Loop 2              |      0|        4000|               2|          -|          -| 0 ~ 2000 |    no    |
        |- TEST_LOOP           |      0|  9584002000| 3061 ~ 4792001 |          -|          -| 0 ~ 2000 |    no    |
        | + SET_KNN_SET        |     30|          30|               1|          -|          -|        30|    no    |
        | + TRAINING_LOOP      |   2662|     4791601|            2662|          -|          -| 1 ~ 1800 |    no    |
        |  ++ LANES            |   2660|        2660|             266|          -|          -|        10|    no    |
        |   +++ LANES.1        |    256|         256|               1|          -|          -|       256|    no    |
        |   +++ FIND_MAX_DIST  |      6|           6|               2|          -|          -|         3|    no    |
        |- Loop 4              |      0|        4000|               2|          -|          -| 0 ~ 2000 |    no    |
        +----------------------+-------+------------+----------------+-----------+-----------+----------+----------+



================================================================
== Utilization Estimates
================================================================
* Summary: 
+-----------------+---------+-------+--------+--------+-----+
|       Name      | BRAM_18K| DSP48E|   FF   |   LUT  | URAM|
+-----------------+---------+-------+--------+--------+-----+
|DSP              |        -|      -|       -|       -|    -|
|Expression       |        -|      4|       0|    1041|    -|
|FIFO             |        -|      -|       -|       -|    -|
|Instance         |        0|      -|     399|    1728|    0|
|Memory           |      287|      -|      22|       6|    0|
|Multiplexer      |        -|      -|       -|     308|    -|
|Register         |        -|      -|    1059|       -|    -|
+-----------------+---------+-------+--------+--------+-----+
|Total            |      287|      4|    1480|    3083|    0|
+-----------------+---------+-------+--------+--------+-----+
|Available        |      960|   1824|  433920|  216960|   64|
+-----------------+---------+-------+--------+--------+-----+
|Utilization (%)  |       29|   ~0  |   ~0   |       1|    0|
+-----------------+---------+-------+--------+--------+-----+

+ Detail: 
    * Instance: 
    +---------------------+----------+---------+-------+-----+------+-----+
    |       Instance      |  Module  | BRAM_18K| DSP48E|  FF |  LUT | URAM|
    +---------------------+----------+---------+-------+-----+------+-----+
    |grp_knn_vote_fu_437  |knn_vote  |        0|      0|  399|  1728|    0|
    +---------------------+----------+---------+-------+-----+------+-----+
    |Total                |          |        0|      0|  399|  1728|    0|
    +---------------------+----------+---------+-------+-----+------+-----+

    * DSP48E: 
    N/A

    * Memory: 
    +------------------+----------------------+---------+----+----+-----+-------+-----+------+-------------+
    |      Memory      |        Module        | BRAM_18K| FF | LUT| URAM| Words | Bits| Banks| W*Bits*Banks|
    +------------------+----------------------+---------+----+----+-----+-------+-----+------+-------------+
    |knn_set_U         |DigitRec_knn_set      |        0|  22|   6|    0|     30|   11|     1|          330|
    |results_U         |DigitRec_results      |        1|   0|   0|    0|   2000|    8|     1|        16000|
    |test_set_V_U      |DigitRec_test_set_V   |       29|   0|   0|    0|   2000|  256|     1|       512000|
    |training_set_V_U  |DigitRec_trainingcud  |      257|   0|   0|    0|  18000|  256|     1|      4608000|
    +------------------+----------------------+---------+----+----+-----+-------+-----+------+-------------+
    |Total             |                      |      287|  22|   6|    0|  22030|  531|     4|      5136330|
    +------------------+----------------------+---------+----+----+-----+-------+-----+------+-------------+

    * FIFO: 
    N/A

    * Expression: 
    +--------------------------+----------+-------+---+-----+------------+------------+
    |       Variable Name      | Operation| DSP48E| FF| LUT | Bitwidth P0| Bitwidth P1|
    +--------------------------+----------+-------+---+-----+------------+------------+
    |mul_ln182_fu_483_p2       |     *    |      4|  0|   21|          32|          33|
    |add_ln202_fu_747_p2       |     +    |      0|  0|   22|          15|          11|
    |add_ln206_fu_623_p2       |     +    |      0|  0|   22|          15|          15|
    |add_ln44_fu_713_p2        |     +    |      0|  0|   15|           6|           6|
    |add_ln53_fu_732_p2        |     +    |      0|  0|   15|           6|           6|
    |cnt_fu_683_p2             |     +    |      0|  0|   16|           9|           9|
    |i_5_fu_469_p2             |     +    |      0|  0|   38|          31|           1|
    |i_6_fu_576_p2             |     +    |      0|  0|   15|           5|           1|
    |i_7_fu_787_p2             |     +    |      0|  0|   38|          31|           1|
    |i_8_fu_601_p2             |     +    |      0|  0|   18|          11|           1|
    |i_9_fu_666_p2             |     +    |      0|  0|   16|           9|           1|
    |i_fu_449_p2               |     +    |      0|  0|   22|          15|           1|
    |iter_cnt_fu_544_p2        |     +    |      0|  0|   36|          29|           2|
    |j_fu_617_p2               |     +    |      0|  0|   12|           4|           1|
    |k_fu_703_p2               |     +    |      0|  0|    9|           2|           1|
    |t_fu_559_p2               |     +    |      0|  0|   38|          31|           1|
    |sub_ln182_1_fu_530_p2     |     -    |      0|  0|   36|           1|          29|
    |sub_ln182_fu_489_p2       |     -    |      0|  0|   72|           1|          65|
    |sub_ln209_fu_641_p2       |     -    |      0|  0|   15|           6|           6|
    |icmp_ln169_fu_443_p2      |   icmp   |      0|  0|   13|          15|          15|
    |icmp_ln176_fu_464_p2      |   icmp   |      0|  0|   20|          32|          32|
    |icmp_ln17_fu_660_p2       |   icmp   |      0|  0|   13|           9|          10|
    |icmp_ln185_fu_554_p2      |   icmp   |      0|  0|   20|          32|          32|
    |icmp_ln192_fu_570_p2      |   icmp   |      0|  0|   11|           5|           3|
    |icmp_ln199_fu_595_p2      |   icmp   |      0|  0|   13|          11|           9|
    |icmp_ln202_fu_611_p2      |   icmp   |      0|  0|    9|           4|           4|
    |icmp_ln211_fu_647_p2      |   icmp   |      0|  0|   20|          29|          29|
    |icmp_ln221_fu_782_p2      |   icmp   |      0|  0|   20|          32|          32|
    |icmp_ln42_fu_697_p2       |   icmp   |      0|  0|    8|           2|           2|
    |icmp_ln44_fu_757_p2       |   icmp   |      0|  0|   20|          32|          32|
    |icmp_ln52_fu_723_p2       |   icmp   |      0|  0|   20|          32|          32|
    |select_ln182_1_fu_536_p3  |  select  |      0|  0|   29|           1|          29|
    |select_ln182_fu_522_p3    |  select  |      0|  0|   29|           1|          29|
    |select_ln44_1_fu_771_p3   |  select  |      0|  0|   32|           1|          32|
    |select_ln44_fu_763_p3     |  select  |      0|  0|   32|           1|          32|
    |ret_V_fu_651_p2           |    xor   |      0|  0|  256|         256|         256|
    +--------------------------+----------+-------+---+-----+------------+------------+
    |Total                     |          |      4|  0| 1041|         754|         801|
    +--------------------------+----------+-------+---+-----+------------+------------+

    * Multiplexer: 
    +-------------------------+----+-----------+-----+-----------+
    |           Name          | LUT| Input Size| Bits| Total Bits|
    +-------------------------+----+-----------+-----+-----------+
    |ap_NS_fsm                |  89|         18|    1|         18|
    |bvh_d_index_reg_380      |   9|          2|    9|         18|
    |dist_reg_368             |   9|          2|    9|         18|
    |i1_0_reg_301             |   9|          2|   31|         62|
    |i2_0_reg_323             |   9|          2|    5|         10|
    |i3_0_reg_334             |   9|          2|   11|         22|
    |i4_0_reg_426             |   9|          2|   31|         62|
    |i_0_reg_290              |   9|          2|   15|         30|
    |indvars_iv_reg_345       |   9|          2|   15|         30|
    |j_0_reg_357              |   9|          2|    4|          8|
    |knn_set_address0         |  27|          5|    5|         25|
    |knn_set_ce0              |  15|          3|    1|          3|
    |knn_set_d0               |  15|          3|   11|         33|
    |max_dist_0_i_reg_391     |   9|          2|   32|         64|
    |max_dist_id_0_i_reg_403  |   9|          2|   32|         64|
    |max_dist_id_reg_415      |   9|          2|    2|          4|
    |results_address0         |  15|          3|   11|         33|
    |t_0_reg_312              |   9|          2|   31|         62|
    |test_set_V_address0      |  15|          3|   11|         33|
    |training_set_V_address0  |  15|          3|   15|         45|
    +-------------------------+----+-----------+-----+-----------+
    |Total                    | 308|         64|  282|        644|
    +-------------------------+----+-----------+-----+-----------+

    * Register: 
    +----------------------------------+-----+----+-----+-----------+
    |               Name               |  FF | LUT| Bits| Const Bits|
    +----------------------------------+-----+----+-----+-----------+
    |ap_CS_fsm                         |   17|   0|   17|          0|
    |bvh_d_index_reg_380               |    9|   0|    9|          0|
    |dist_reg_368                      |    9|   0|    9|          0|
    |grp_knn_vote_fu_437_ap_start_reg  |    1|   0|    1|          0|
    |i1_0_reg_301                      |   31|   0|   31|          0|
    |i2_0_reg_323                      |    5|   0|    5|          0|
    |i3_0_reg_334                      |   11|   0|   11|          0|
    |i4_0_reg_426                      |   31|   0|   31|          0|
    |i_0_reg_290                       |   15|   0|   15|          0|
    |i_5_reg_832                       |   31|   0|   31|          0|
    |i_7_reg_986                       |   31|   0|   31|          0|
    |i_8_reg_897                       |   11|   0|   11|          0|
    |i_reg_814                         |   15|   0|   15|          0|
    |icmp_ln199_reg_893                |    1|   0|    1|          0|
    |indvars_iv_reg_345                |   15|   0|   15|          0|
    |iter_cnt_reg_847                  |   29|   0|   29|          0|
    |j_0_reg_357                       |    4|   0|    4|          0|
    |j_reg_905                         |    4|   0|    4|          0|
    |k_reg_955                         |    2|   0|    2|          0|
    |max_dist_0_i_reg_391              |   32|   0|   32|          0|
    |max_dist_id_0_i_reg_403           |   32|   0|   32|          0|
    |max_dist_id_reg_415               |    2|   0|    2|          0|
    |ret_V_reg_924                     |  256|   0|  256|          0|
    |sub_ln209_reg_915                 |    6|   0|    6|          0|
    |t_0_reg_312                       |   31|   0|   31|          0|
    |t_reg_855                         |   31|   0|   31|          0|
    |test_instance_V_reg_870           |  256|   0|  256|          0|
    |zext_ln172_reg_819                |   15|   0|   64|         49|
    |zext_ln179_reg_837                |   31|   0|   64|         33|
    |zext_ln189_reg_860                |   31|   0|   64|         33|
    |zext_ln199_1_reg_888              |   11|   0|   29|         18|
    |zext_ln199_reg_883                |   11|   0|   15|          4|
    |zext_ln224_reg_991                |   31|   0|   64|         33|
    |zext_ln35_reg_942                 |    9|   0|   32|         23|
    |zext_ln47_reg_947                 |    2|   0|   32|         30|
    +----------------------------------+-----+----+-----+-----------+
    |Total                             | 1059|   0| 1282|        223|
    +----------------------------------+-----+----+-----+-----------+



================================================================
== Interface
================================================================
* Summary: 
+--------------------------------+-----+-----+------------+-----------------------+--------------+
|            RTL Ports           | Dir | Bits|  Protocol  |     Source Object     |    C Type    |
+--------------------------------+-----+-----+------------+-----------------------+--------------+
|ap_clk                          |  in |    1| ap_ctrl_hs |        DigitRec       | return value |
|ap_rst                          |  in |    1| ap_ctrl_hs |        DigitRec       | return value |
|ap_start                        |  in |    1| ap_ctrl_hs |        DigitRec       | return value |
|ap_done                         | out |    1| ap_ctrl_hs |        DigitRec       | return value |
|ap_idle                         | out |    1| ap_ctrl_hs |        DigitRec       | return value |
|ap_ready                        | out |    1| ap_ctrl_hs |        DigitRec       | return value |
|global_training_set_V_address0  | out |   15|  ap_memory | global_training_set_V |     array    |
|global_training_set_V_ce0       | out |    1|  ap_memory | global_training_set_V |     array    |
|global_training_set_V_q0        |  in |  256|  ap_memory | global_training_set_V |     array    |
|global_test_set_V_address0      | out |   11|  ap_memory |   global_test_set_V   |     array    |
|global_test_set_V_ce0           | out |    1|  ap_memory |   global_test_set_V   |     array    |
|global_test_set_V_q0            |  in |  256|  ap_memory |   global_test_set_V   |     array    |
|global_results_address0         | out |   11|  ap_memory |     global_results    |     array    |
|global_results_ce0              | out |    1|  ap_memory |     global_results    |     array    |
|global_results_we0              | out |    1|  ap_memory |     global_results    |     array    |
|global_results_d0               | out |    8|  ap_memory |     global_results    |     array    |
|num_training                    |  in |   32|   ap_none  |      num_training     |    scalar    |
|num_test                        |  in |   32|   ap_none  |        num_test       |    scalar    |
+--------------------------------+-----+-----+------------+-----------------------+--------------+

